push: git push -u origin master


git remote set-url origin git@github.com:jhuang/RNAHeliTex.git 




jiabin@linux-c20v:~/workspace/RNAHeliTex> vim command.txt
jiabin@linux-c20v:~/workspace/RNAHeliTex> git push -u origin master
fatal: remote error: 
  You can't push to git://github.com/jhuang/RNAHeliTex.git
  Use git@github.com:jhuang/RNAHeliTex.git
jiabin@linux-c20v:~/workspace/RNAHeliTex> git config --list
user.name=Jiabin Huang
core.repositoryformatversion=0
core.filemode=true
core.bare=false
core.logallrefupdates=true
remote.origin.fetch=+refs/heads/*:refs/remotes/origin/*
remote.origin.url=git://github.com/jhuang/RNAHeliTex.git
branch.master.remote=origin
branch.master.merge=refs/heads/master
jiabin@linux-c20v:~/workspace/RNAHeliTex> vim command.txt
jiabin@linux-c20v:~/workspace/RNAHeliTex> git branch
* master
jiabin@linux-c20v:~/workspace/RNAHeliTex> git push -u origin master
fatal: remote error: 
  You can't push to git://github.com/jhuang/RNAHeliTex.git
  Use git@github.com:jhuang/RNAHeliTex.git
jiabin@linux-c20v:~/workspace/RNAHeliTex> git push -u git@github.com:jhuang/RNAHeliTex.git master
Enter passphrase for key '/home/jiabin/.ssh/id_rsa': 
Counting objects: 16, done.
Compressing objects: 100% (12/12), done.
Writing objects: 100% (12/12), 265.22 KiB, done.
Total 12 (delta 5), reused 0 (delta 0)
To git@github.com:jhuang/RNAHeliTex.git
   7d65489..1a76900  master -> master
Branch master set up to track remote branch master from git@github.com:jhuang/RNAHeliTex.git.
jiabin@linux-c20v:~/workspace/RNAHeliTex> git status
# On branch master
nothing to commit (working directory clean)
jiabin@linux-c20v:~/workspace/RNAHeliTex> git global --list
git: 'global' is not a git command. See 'git --help'.
jiabin@linux-c20v:~/workspace/RNAHeliTex> git config --list
user.name=Jiabin Huang
core.repositoryformatversion=0
core.filemode=true
core.bare=false
core.logallrefupdates=true
remote.origin.fetch=+refs/heads/*:refs/remotes/origin/*
remote.origin.url=git://github.com/jhuang/RNAHeliTex.git
branch.master.remote=git@github.com:jhuang/RNAHeliTex.git
branch.master.merge=refs/heads/master
jiabin@linux-c20v:~/workspace/RNAHeliTex> vim command
jiabin@linux-c20v:~/workspace/RNAHeliTex> vim command.txt

============================================
 Setting your name / email

View
git config user.name
git config user.email

Change/set - current repository only
git config user.name Fred
git config user.email fred@gmail.com

Change/set - in ALL your (local) repositories. This updates ~/.gitconfig
git config --global user.name Fred
git config --global user.email fred@gmail.com

Alternatively edit ~/.gitconfig directly
==================== git ===================
~/Desktop/genometools
git remote rm
git remote add zbh jhuang@hannover.zbh.uni-hamburg.de:/home/stud2008/jhuang/jhgenometools
git push zbh jhbranch

  git remote add github git@github.com:jhuang/jhgenometools.git
  git remote add github git@github.com:jhuang/jhgttestdata.git
  git push github jhbranch
  
  git clone git://github.com/jhuang/jhgenometools.git
  git clone ssh://jhuang@verbier.zbh.uni-hamburg.de/home/stud2008/dwillrodt/opendir/genometools/
  git checkout -b dirk origin/mymaster
  git pull origin master (X wrong)
  git pull origin mymaster


  SSH: git@github.com:jhuang/jhgenometools.git
  HTTP: https://jhuang@github.com/jhuang/jhgenometools.git
  Git Read-Only: git://github.com/jhuang/jhgenometools.git

  git clone git://genometools.org/gttestdata.git

--------- status must be clean ----------
1.[jhbranch]   git checkout master
2.[master]     git pull git://genometools.org/genometools.git

[master]     git checkout jhbranch
[jhbranch]   git rebase master            or git rebase origin/master è¿™æ ·å°±è·³è¿‡æœ¬åœ°çš„master,æ—¢æ­¥éª¤1,2
                       - about 
                       - continue    -> manual  
                       - ...
               possible problems to solve
								 vim src/match/eis-voiditf.c  -> ä¿®æ”¹
								 git add src/match/eis-voiditf.c
								 git rebase --continue                      
[jhbranch]   git push -f github jhbranch                       

